// Jest Snapshot v1, https://goo.gl/fbAQLP

exports[`Dropdown shoud opens options list on click 1`] = `
<div>
  <div
    class="sc-19vg3fd-0 jDvjCR"
    tabindex="0"
  >
    <label
      class="sc-19vg3fd-1 iZwvvN dropdown-placeholder"
    >
      placeholder
    </label>
    <p
      class="sc-19vg3fd-2 hlrnYd dropdown-selected-value"
    />
    <span
      class="sc-19vg3fd-3 cuvLfR dropdown-bottom-border"
    />
  </div>
  <div
    id="options-entry-point"
  >
    <div
      class="at4g4p-0 bwJcKK"
    >
      <span
        hidden=""
      />
      <ul
        class="sc-6ljg1c-0 gJCuXY"
        style="position: fixed; width: 0px; transform: translate(undefinedpx, NaNpx);"
      >
        <li
          aria-selected="false"
          class="sc-6ljg1c-1 cofKbq"
          data-selected="false"
          tabindex="0"
        >
          Option1
        </li>
        <li
          aria-selected="false"
          class="sc-6ljg1c-1 cofKbq"
          data-selected="false"
          tabindex="0"
        >
          Option2
        </li>
        <li
          aria-selected="false"
          class="sc-6ljg1c-1 cofKbq"
          data-selected="false"
          tabindex="0"
        >
          Option3
        </li>
      </ul>
      <span
        hidden=""
      />
    </div>
  </div>
</div>
`;
