// Jest Snapshot v1, https://goo.gl/fbAQLP

exports[`Dropdown shoud opens options list on click 1`] = `
<div>
  <div
    class="sc-bbd09bab-0 jjZfQf"
    tabindex="0"
  >
    <label
      class="sc-bbd09bab-1 kxmejj dropdown-placeholder"
    >
      placeholder
    </label>
    <p
      class="sc-bbd09bab-2 iFQRhz dropdown-selected-value"
    />
    <span
      class="sc-bbd09bab-3 cqYfmU dropdown-bottom-border"
    />
  </div>
  <div
    id="options-entry-point"
  >
    <div
      class="sc-a3ccb69d-0 eLGzWL"
    >
      <span
        data-focus-scope-start="true"
        hidden=""
      />
      <ul
        class="sc-5e045e81-0 fXhlxi"
        style="position: fixed; width: 0px; transform: translate(0px, 0px);"
      >
        <li
          aria-selected="false"
          class="sc-5e045e81-1 hEcupb"
          data-selected="false"
          tabindex="0"
        >
          Option1
        </li>
        <li
          aria-selected="false"
          class="sc-5e045e81-1 hEcupb"
          data-selected="false"
          tabindex="0"
        >
          Option2
        </li>
        <li
          aria-selected="false"
          class="sc-5e045e81-1 hEcupb"
          data-selected="false"
          tabindex="0"
        >
          Option3
        </li>
      </ul>
      <span
        data-focus-scope-end="true"
        hidden=""
      />
    </div>
  </div>
</div>
`;
