// Jest Snapshot v1, https://goo.gl/fbAQLP

exports[`Dropdown shoud opens options list on click 1`] = `
<div>
  <div
    class="sc-1ng4bn6-0 ikSiva"
    tabindex="0"
  >
    <label
      class="sc-1ng4bn6-2 ifOfjI datepicker-label"
    />
    <input
      class="sc-1ng4bn6-1 jFeWvK"
      type="hidden"
      value="2021-01-01"
    />
    <span
      class="sc-1ng4bn6-3 jxGXCe"
    >
      2021/01/01
    </span>
    <span
      class="sc-1ng4bn6-4 hLlczY datepicker-bottom-border"
    />
  </div>
  <div
    id="calendar-entry-point"
  >
    <div
      class="at4g4p-0 bwJcKK"
    >
      <span
        hidden=""
      />
      <div
        style="opacity: 0; transform: translateY(-16px) translateZ(0);"
      >
        <div
          aria-labelledby="date-picker"
          class="pjnhod-0 jAUlmr"
          role="dialog"
          style="position: fixed; transform: translate(undefinedpx, NaNpx);"
          tabindex="-1"
        >
          <header
            class="pjnhod-1 jbOwxj"
          >
            <div
              class="pjnhod-2 hSEerx"
            >
              <h2
                class="pjnhod-4 lnURmX"
                id="date-picker"
              >
                January
                 
                2021
              </h2>
              <button
                aria-label="Switch to year picker"
                class="pjnhod-5 ftkqTu"
                type="button"
              >
                <span
                  class="pjnhod-6 hcTHYN"
                />
              </button>
            </div>
            <div
              class="pjnhod-3 fygLNo"
            >
              <button
                aria-label="Show previous month"
                class="pjnhod-5 ftkqTu"
                type="button"
              >
                <span
                  class="pjnhod-7 krxrjT"
                />
              </button>
              <button
                aria-label="Show next month"
                class="pjnhod-5 ftkqTu"
                type="button"
              >
                <span
                  class="pjnhod-8 ghdSUW"
                />
              </button>
            </div>
          </header>
          <div
            class="pjnhod-9"
          >
            <div
              class="pjnhod-10 bBFXgK"
            >
              <span>
                S
              </span>
              <span>
                M
              </span>
              <span>
                T
              </span>
              <span>
                W
              </span>
              <span>
                T
              </span>
              <span>
                F
              </span>
              <span>
                S
              </span>
            </div>
            <div
              class="pjnhod-11 uGnSQ"
            >
              <span />
              <span />
              <span />
              <span />
              <span />
              <button
                aria-label="2021-01-01"
                class="pjnhod-12 bdFaBG"
                type="button"
              >
                1
              </button>
              <button
                aria-label="2021-01-02"
                class="pjnhod-12 fGBYyp"
                type="button"
              >
                2
              </button>
              <button
                aria-label="2021-01-03"
                class="pjnhod-12 fGBYyp"
                type="button"
              >
                3
              </button>
              <button
                aria-label="2021-01-04"
                class="pjnhod-12 fGBYyp"
                type="button"
              >
                4
              </button>
              <button
                aria-label="2021-01-05"
                class="pjnhod-12 fGBYyp"
                type="button"
              >
                5
              </button>
              <button
                aria-label="2021-01-06"
                class="pjnhod-12 fGBYyp"
                type="button"
              >
                6
              </button>
              <button
                aria-label="2021-01-07"
                class="pjnhod-12 fGBYyp"
                type="button"
              >
                7
              </button>
              <button
                aria-label="2021-01-08"
                class="pjnhod-12 fGBYyp"
                type="button"
              >
                8
              </button>
              <button
                aria-label="2021-01-09"
                class="pjnhod-12 fGBYyp"
                type="button"
              >
                9
              </button>
              <button
                aria-label="2021-01-10"
                class="pjnhod-12 fGBYyp"
                type="button"
              >
                10
              </button>
              <button
                aria-label="2021-01-11"
                class="pjnhod-12 fGBYyp"
                type="button"
              >
                11
              </button>
              <button
                aria-label="2021-01-12"
                class="pjnhod-12 fGBYyp"
                type="button"
              >
                12
              </button>
              <button
                aria-label="2021-01-13"
                class="pjnhod-12 fGBYyp"
                type="button"
              >
                13
              </button>
              <button
                aria-label="2021-01-14"
                class="pjnhod-12 fGBYyp"
                type="button"
              >
                14
              </button>
              <button
                aria-label="2021-01-15"
                class="pjnhod-12 fGBYyp"
                type="button"
              >
                15
              </button>
              <button
                aria-label="2021-01-16"
                class="pjnhod-12 fGBYyp"
                type="button"
              >
                16
              </button>
              <button
                aria-label="2021-01-17"
                class="pjnhod-12 fGBYyp"
                type="button"
              >
                17
              </button>
              <button
                aria-label="2021-01-18"
                class="pjnhod-12 fGBYyp"
                type="button"
              >
                18
              </button>
              <button
                aria-label="2021-01-19"
                class="pjnhod-12 fGBYyp"
                type="button"
              >
                19
              </button>
              <button
                aria-label="2021-01-20"
                class="pjnhod-12 fGBYyp"
                type="button"
              >
                20
              </button>
              <button
                aria-label="2021-01-21"
                class="pjnhod-12 fGBYyp"
                type="button"
              >
                21
              </button>
              <button
                aria-label="2021-01-22"
                class="pjnhod-12 fGBYyp"
                type="button"
              >
                22
              </button>
              <button
                aria-label="2021-01-23"
                class="pjnhod-12 fGBYyp"
                type="button"
              >
                23
              </button>
              <button
                aria-label="2021-01-24"
                class="pjnhod-12 fGBYyp"
                type="button"
              >
                24
              </button>
              <button
                aria-label="2021-01-25"
                class="pjnhod-12 fGBYyp"
                type="button"
              >
                25
              </button>
              <button
                aria-label="2021-01-26"
                class="pjnhod-12 fGBYyp"
                type="button"
              >
                26
              </button>
              <button
                aria-label="2021-01-27"
                class="pjnhod-12 fGBYyp"
                type="button"
              >
                27
              </button>
              <button
                aria-label="2021-01-28"
                class="pjnhod-12 fGBYyp"
                type="button"
              >
                28
              </button>
              <button
                aria-label="2021-01-29"
                class="pjnhod-12 fGBYyp"
                type="button"
              >
                29
              </button>
              <button
                aria-label="2021-01-30"
                class="pjnhod-12 fGBYyp"
                type="button"
              >
                30
              </button>
              <button
                aria-label="2021-01-31"
                class="pjnhod-12 fGBYyp"
                type="button"
              >
                31
              </button>
              <button
                class="pjnhod-12 fGBYyp"
                disabled=""
                type="button"
              >
                1
              </button>
              <button
                class="pjnhod-12 fGBYyp"
                disabled=""
                type="button"
              >
                2
              </button>
              <button
                class="pjnhod-12 fGBYyp"
                disabled=""
                type="button"
              >
                3
              </button>
              <button
                class="pjnhod-12 fGBYyp"
                disabled=""
                type="button"
              >
                4
              </button>
              <button
                class="pjnhod-12 fGBYyp"
                disabled=""
                type="button"
              >
                5
              </button>
              <button
                class="pjnhod-12 fGBYyp"
                disabled=""
                type="button"
              >
                6
              </button>
            </div>
          </div>
          <footer
            class="pjnhod-15 jDRqeq"
          >
            <button
              class="pjnhod-16 pjnhod-17 SwYZN"
              type="button"
            >
              Cancel
            </button>
            <button
              class="pjnhod-16 pjnhod-18 SwYZN"
              type="button"
            >
              OK
            </button>
          </footer>
        </div>
      </div>
      <span
        hidden=""
      />
    </div>
  </div>
</div>
`;
