// Jest Snapshot v1, https://goo.gl/fbAQLP

exports[`Dropdown shoud opens options list on click 1`] = `
<div>
  <div
    class="Datepicker__Base-sc-1ng4bn6-0 fQPfhY"
    tabindex="0"
  >
    <label
      class="Datepicker__Label-sc-1ng4bn6-2 giasbl datepicker-label"
    />
    <input
      class="Datepicker__VisuallyHiddenInput-sc-1ng4bn6-1 ekKQeA"
      type="hidden"
      value="2021-01-01"
    />
    <span
      class="Datepicker__SelectedValue-sc-1ng4bn6-3 iFzGXf"
    >
      2021/01/01
    </span>
    <span
      class="Datepicker__BottomBorder-sc-1ng4bn6-4 dxiumQ datepicker-bottom-border"
    />
  </div>
  <div
    id="calendar-entry-point"
  >
    <div
      class="Popper__Overlay-at4g4p-0 imrtkZ"
    >
      <span
        hidden=""
      />
      <div
        style="opacity: 0; transform: translateY(-16px) translateZ(0);"
      >
        <div
          aria-labelledby="date-picker"
          class="Calendar__CalendarBase-pjnhod-0 keNbej"
          role="dialog"
          style="position: fixed; transform: translate(0px, 0px);"
          tabindex="-1"
        >
          <header
            class="Calendar__Header-pjnhod-1 kYSXKv"
          >
            <div
              class="Calendar__HeaderLeft-pjnhod-2 dYGroi"
            >
              <h2
                class="Calendar__YearMonth-pjnhod-4 grIbyb"
                id="date-picker"
              >
                January
                 
                2021
              </h2>
              <button
                aria-label="Switch to year picker"
                class="Calendar__IconButton-pjnhod-5 eODodE"
                type="button"
              >
                <span
                  class="Calendar__TriangleDown-pjnhod-6 fdqOaC"
                />
              </button>
            </div>
            <div
              class="Calendar__HeaderRight-pjnhod-3 gXxXbM"
            >
              <button
                aria-label="Show previous month"
                class="Calendar__IconButton-pjnhod-5 eODodE"
                type="button"
              >
                <span
                  class="Calendar__ChevronLeft-pjnhod-7 gpuYKo"
                />
              </button>
              <button
                aria-label="Show next month"
                class="Calendar__IconButton-pjnhod-5 eODodE"
                type="button"
              >
                <span
                  class="Calendar__ChevronRight-pjnhod-8 jnIEny"
                />
              </button>
            </div>
          </header>
          <div
            class="Calendar__Body-pjnhod-9"
          >
            <div
              class="Calendar__WeekDays-pjnhod-10 dOCojm"
            >
              <span>
                S
              </span>
              <span>
                M
              </span>
              <span>
                T
              </span>
              <span>
                W
              </span>
              <span>
                T
              </span>
              <span>
                F
              </span>
              <span>
                S
              </span>
            </div>
            <div
              class="Calendar__DaysGrid-pjnhod-11 krHhoA"
            >
              <span />
              <span />
              <span />
              <span />
              <span />
              <button
                aria-label="2021-01-01"
                class="Calendar__DateCell-pjnhod-12 fKmrXn"
                type="button"
              >
                1
              </button>
              <button
                aria-label="2021-01-02"
                class="Calendar__DateCell-pjnhod-12 kCTwqI"
                type="button"
              >
                2
              </button>
              <button
                aria-label="2021-01-03"
                class="Calendar__DateCell-pjnhod-12 kCTwqI"
                type="button"
              >
                3
              </button>
              <button
                aria-label="2021-01-04"
                class="Calendar__DateCell-pjnhod-12 kCTwqI"
                type="button"
              >
                4
              </button>
              <button
                aria-label="2021-01-05"
                class="Calendar__DateCell-pjnhod-12 kCTwqI"
                type="button"
              >
                5
              </button>
              <button
                aria-label="2021-01-06"
                class="Calendar__DateCell-pjnhod-12 kCTwqI"
                type="button"
              >
                6
              </button>
              <button
                aria-label="2021-01-07"
                class="Calendar__DateCell-pjnhod-12 kCTwqI"
                type="button"
              >
                7
              </button>
              <button
                aria-label="2021-01-08"
                class="Calendar__DateCell-pjnhod-12 kCTwqI"
                type="button"
              >
                8
              </button>
              <button
                aria-label="2021-01-09"
                class="Calendar__DateCell-pjnhod-12 kCTwqI"
                type="button"
              >
                9
              </button>
              <button
                aria-label="2021-01-10"
                class="Calendar__DateCell-pjnhod-12 kCTwqI"
                type="button"
              >
                10
              </button>
              <button
                aria-label="2021-01-11"
                class="Calendar__DateCell-pjnhod-12 kCTwqI"
                type="button"
              >
                11
              </button>
              <button
                aria-label="2021-01-12"
                class="Calendar__DateCell-pjnhod-12 kCTwqI"
                type="button"
              >
                12
              </button>
              <button
                aria-label="2021-01-13"
                class="Calendar__DateCell-pjnhod-12 kCTwqI"
                type="button"
              >
                13
              </button>
              <button
                aria-label="2021-01-14"
                class="Calendar__DateCell-pjnhod-12 kCTwqI"
                type="button"
              >
                14
              </button>
              <button
                aria-label="2021-01-15"
                class="Calendar__DateCell-pjnhod-12 kCTwqI"
                type="button"
              >
                15
              </button>
              <button
                aria-label="2021-01-16"
                class="Calendar__DateCell-pjnhod-12 kCTwqI"
                type="button"
              >
                16
              </button>
              <button
                aria-label="2021-01-17"
                class="Calendar__DateCell-pjnhod-12 kCTwqI"
                type="button"
              >
                17
              </button>
              <button
                aria-label="2021-01-18"
                class="Calendar__DateCell-pjnhod-12 kCTwqI"
                type="button"
              >
                18
              </button>
              <button
                aria-label="2021-01-19"
                class="Calendar__DateCell-pjnhod-12 kCTwqI"
                type="button"
              >
                19
              </button>
              <button
                aria-label="2021-01-20"
                class="Calendar__DateCell-pjnhod-12 kCTwqI"
                type="button"
              >
                20
              </button>
              <button
                aria-label="2021-01-21"
                class="Calendar__DateCell-pjnhod-12 kCTwqI"
                type="button"
              >
                21
              </button>
              <button
                aria-label="2021-01-22"
                class="Calendar__DateCell-pjnhod-12 kCTwqI"
                type="button"
              >
                22
              </button>
              <button
                aria-label="2021-01-23"
                class="Calendar__DateCell-pjnhod-12 kCTwqI"
                type="button"
              >
                23
              </button>
              <button
                aria-label="2021-01-24"
                class="Calendar__DateCell-pjnhod-12 kCTwqI"
                type="button"
              >
                24
              </button>
              <button
                aria-label="2021-01-25"
                class="Calendar__DateCell-pjnhod-12 kCTwqI"
                type="button"
              >
                25
              </button>
              <button
                aria-label="2021-01-26"
                class="Calendar__DateCell-pjnhod-12 kCTwqI"
                type="button"
              >
                26
              </button>
              <button
                aria-label="2021-01-27"
                class="Calendar__DateCell-pjnhod-12 kCTwqI"
                type="button"
              >
                27
              </button>
              <button
                aria-label="2021-01-28"
                class="Calendar__DateCell-pjnhod-12 kCTwqI"
                type="button"
              >
                28
              </button>
              <button
                aria-label="2021-01-29"
                class="Calendar__DateCell-pjnhod-12 kCTwqI"
                type="button"
              >
                29
              </button>
              <button
                aria-label="2021-01-30"
                class="Calendar__DateCell-pjnhod-12 kCTwqI"
                type="button"
              >
                30
              </button>
              <button
                aria-label="2021-01-31"
                class="Calendar__DateCell-pjnhod-12 kCTwqI"
                type="button"
              >
                31
              </button>
              <button
                class="Calendar__DateCell-pjnhod-12 kCTwqI"
                disabled=""
                type="button"
              >
                1
              </button>
              <button
                class="Calendar__DateCell-pjnhod-12 kCTwqI"
                disabled=""
                type="button"
              >
                2
              </button>
              <button
                class="Calendar__DateCell-pjnhod-12 kCTwqI"
                disabled=""
                type="button"
              >
                3
              </button>
              <button
                class="Calendar__DateCell-pjnhod-12 kCTwqI"
                disabled=""
                type="button"
              >
                4
              </button>
              <button
                class="Calendar__DateCell-pjnhod-12 kCTwqI"
                disabled=""
                type="button"
              >
                5
              </button>
              <button
                class="Calendar__DateCell-pjnhod-12 kCTwqI"
                disabled=""
                type="button"
              >
                6
              </button>
            </div>
          </div>
          <footer
            class="Calendar__Footer-pjnhod-15 eMBJvg"
          >
            <button
              class="Calendar__BaseButton-pjnhod-16 Calendar__CancelButton-pjnhod-17 cklJXB"
              type="button"
            >
              Cancel
            </button>
            <button
              class="Calendar__BaseButton-pjnhod-16 Calendar__SubmitButton-pjnhod-18 cklJXB"
              type="button"
            >
              OK
            </button>
          </footer>
        </div>
      </div>
      <span
        hidden=""
      />
    </div>
  </div>
</div>
`;
